###############################################################################
#
# IAR ELF Linker V7.70.1.11437/W32 for ARM                23/Jan/2017  16:55:24
# Copyright 2007-2016 IAR Systems AB.
#
#    Output file  =  
#        C:\Users\zheng\Desktop\stm32cubemx\stm32_cdc_key_led\EWARM\stm32_cdc_key_led\Exe\stm32_cdc_key_led.out
#    Map file     =  
#        C:\Users\zheng\Desktop\stm32cubemx\stm32_cdc_key_led\EWARM\stm32_cdc_key_led\List\stm32_cdc_key_led.map
#    Command line =  
#        C:\Users\zheng\Desktop\stm32cubemx\stm32_cdc_key_led\EWARM\stm32_cdc_key_led\Obj\main.o
#        C:\Users\zheng\Desktop\stm32cubemx\stm32_cdc_key_led\EWARM\stm32_cdc_key_led\Obj\startup_stm32f407xx.o
#        C:\Users\zheng\Desktop\stm32cubemx\stm32_cdc_key_led\EWARM\stm32_cdc_key_led\Obj\stm32f4xx_hal.o
#        C:\Users\zheng\Desktop\stm32cubemx\stm32_cdc_key_led\EWARM\stm32_cdc_key_led\Obj\stm32f4xx_hal_cortex.o
#        C:\Users\zheng\Desktop\stm32cubemx\stm32_cdc_key_led\EWARM\stm32_cdc_key_led\Obj\stm32f4xx_hal_dma.o
#        C:\Users\zheng\Desktop\stm32cubemx\stm32_cdc_key_led\EWARM\stm32_cdc_key_led\Obj\stm32f4xx_hal_dma_ex.o
#        C:\Users\zheng\Desktop\stm32cubemx\stm32_cdc_key_led\EWARM\stm32_cdc_key_led\Obj\stm32f4xx_hal_flash.o
#        C:\Users\zheng\Desktop\stm32cubemx\stm32_cdc_key_led\EWARM\stm32_cdc_key_led\Obj\stm32f4xx_hal_flash_ex.o
#        C:\Users\zheng\Desktop\stm32cubemx\stm32_cdc_key_led\EWARM\stm32_cdc_key_led\Obj\stm32f4xx_hal_flash_ramfunc.o
#        C:\Users\zheng\Desktop\stm32cubemx\stm32_cdc_key_led\EWARM\stm32_cdc_key_led\Obj\stm32f4xx_hal_gpio.o
#        C:\Users\zheng\Desktop\stm32cubemx\stm32_cdc_key_led\EWARM\stm32_cdc_key_led\Obj\stm32f4xx_hal_msp.o
#        C:\Users\zheng\Desktop\stm32cubemx\stm32_cdc_key_led\EWARM\stm32_cdc_key_led\Obj\stm32f4xx_hal_pcd.o
#        C:\Users\zheng\Desktop\stm32cubemx\stm32_cdc_key_led\EWARM\stm32_cdc_key_led\Obj\stm32f4xx_hal_pcd_ex.o
#        C:\Users\zheng\Desktop\stm32cubemx\stm32_cdc_key_led\EWARM\stm32_cdc_key_led\Obj\stm32f4xx_hal_pwr.o
#        C:\Users\zheng\Desktop\stm32cubemx\stm32_cdc_key_led\EWARM\stm32_cdc_key_led\Obj\stm32f4xx_hal_pwr_ex.o
#        C:\Users\zheng\Desktop\stm32cubemx\stm32_cdc_key_led\EWARM\stm32_cdc_key_led\Obj\stm32f4xx_hal_rcc.o
#        C:\Users\zheng\Desktop\stm32cubemx\stm32_cdc_key_led\EWARM\stm32_cdc_key_led\Obj\stm32f4xx_hal_rcc_ex.o
#        C:\Users\zheng\Desktop\stm32cubemx\stm32_cdc_key_led\EWARM\stm32_cdc_key_led\Obj\stm32f4xx_hal_tim.o
#        C:\Users\zheng\Desktop\stm32cubemx\stm32_cdc_key_led\EWARM\stm32_cdc_key_led\Obj\stm32f4xx_hal_tim_ex.o
#        C:\Users\zheng\Desktop\stm32cubemx\stm32_cdc_key_led\EWARM\stm32_cdc_key_led\Obj\stm32f4xx_hal_uart.o
#        C:\Users\zheng\Desktop\stm32cubemx\stm32_cdc_key_led\EWARM\stm32_cdc_key_led\Obj\stm32f4xx_it.o
#        C:\Users\zheng\Desktop\stm32cubemx\stm32_cdc_key_led\EWARM\stm32_cdc_key_led\Obj\stm32f4xx_ll_usb.o
#        C:\Users\zheng\Desktop\stm32cubemx\stm32_cdc_key_led\EWARM\stm32_cdc_key_led\Obj\system_stm32f4xx.o
#        C:\Users\zheng\Desktop\stm32cubemx\stm32_cdc_key_led\EWARM\stm32_cdc_key_led\Obj\usb_device.o
#        C:\Users\zheng\Desktop\stm32cubemx\stm32_cdc_key_led\EWARM\stm32_cdc_key_led\Obj\usbd_cdc.o
#        C:\Users\zheng\Desktop\stm32cubemx\stm32_cdc_key_led\EWARM\stm32_cdc_key_led\Obj\usbd_cdc_if.o
#        C:\Users\zheng\Desktop\stm32cubemx\stm32_cdc_key_led\EWARM\stm32_cdc_key_led\Obj\usbd_conf.o
#        C:\Users\zheng\Desktop\stm32cubemx\stm32_cdc_key_led\EWARM\stm32_cdc_key_led\Obj\usbd_core.o
#        C:\Users\zheng\Desktop\stm32cubemx\stm32_cdc_key_led\EWARM\stm32_cdc_key_led\Obj\usbd_ctlreq.o
#        C:\Users\zheng\Desktop\stm32cubemx\stm32_cdc_key_led\EWARM\stm32_cdc_key_led\Obj\usbd_desc.o
#        C:\Users\zheng\Desktop\stm32cubemx\stm32_cdc_key_led\EWARM\stm32_cdc_key_led\Obj\usbd_ioreq.o
#        --redirect _Printf=_PrintfFull --redirect _Scanf=_ScanfFull -o
#        C:\Users\zheng\Desktop\stm32cubemx\stm32_cdc_key_led\EWARM\stm32_cdc_key_led\Exe\stm32_cdc_key_led.out
#        --map
#        C:\Users\zheng\Desktop\stm32cubemx\stm32_cdc_key_led\EWARM\stm32_cdc_key_led\List\stm32_cdc_key_led.map
#        --config
#        C:\Users\zheng\Desktop\stm32cubemx\stm32_cdc_key_led\EWARM/stm32f407xx_flash.icf
#        --semihosting --entry __iar_program_start --vfe
#
###############################################################################

*******************************************************************************
*** RUNTIME MODEL ATTRIBUTES
***

CppFlavor                     = *
__Heap_Handler                = DLMalloc
__SystemLibrary               = DLib
__dlib_dynamic_initialization = normal


*******************************************************************************
*** PLACEMENT SUMMARY
***

"A0":  place at 0x08000000 { ro section .intvec };
"P1":  place in [from 0x08000000 to 0x080fffff] { ro };
"P2":  place in [from 0x20000000 to 0x2001ffff] { rw, block CSTACK, block HEAP };
initialize by copy { rw };

  Section             Kind        Address    Size  Object
  -------             ----        -------    ----  ------
"A0":                                       0x188
  .intvec             ro code  0x08000000   0x188  startup_stm32f407xx.o [1]
                             - 0x08000188   0x188

"P1":                                      0x9f96
  .text               ro code  0x08000188  0x14f4  dlmalloc.o [3]
  .text               ro code  0x0800167c     0x6  abort.o [3]
  .text               ro code  0x08001684    0x2c  xgetmemchunk.o [3]
  .text               ro code  0x080016b0    0x14  exit.o [6]
  .text               ro code  0x080016c4    0x6c  iarttio.o [6]
  .text               ro code  0x08001730     0x8  XShttio.o [3]
  .text               ro code  0x08001738  0x118a  xprintffull.o [3]
  .text               ro code  0x080028c2    0x20  xmbtowc.o [3]
  .text               ro code  0x080028e4    0x16  strchr.o [5]
  .text               ro code  0x080028fc    0x36  strlen.o [5]
  .text               ro code  0x08002934    0x58  memchr.o [5]
  .text               ro code  0x0800298c     0xa  xmbcurmax.o [3]
  .text               ro code  0x08002996    0x1a  xwctomb.o [3]
  .text               ro code  0x080029b0    0x76  ABImemcpy_unaligned.o [5]
  .text               ro code  0x08002a28    0xee  I64DivMod.o [5]
  .text               ro code  0x08002b16    0x44  xdnorm.o [4]
  .text               ro code  0x08002b5c    0x2e  DblCmpLe.o [4]
  .text               ro code  0x08002b8c    0x2e  DblCmpGe.o [4]
  .text               ro code  0x08002bbc   0x114  xdscale.o [4]
  .text               ro code  0x08002cd0    0x58  DblToI32.o [4]
  .text               ro code  0x08002d28    0x30  I32ToDbl.o [4]
  .text               ro code  0x08002d58   0x180  DblSub.o [4]
  .text               ro code  0x08002ed8   0x1a2  DblMul.o [4]
  .text               ro code  0x0800307c   0x256  DblDiv.o [4]
  .text               ro code  0x080032d4    0x6c  localeconv.o [3]
  .text               ro code  0x08003340     0xe  div.o [3]
  .text               ro code  0x08003350    0x14  setlocale.o [3]
  .text               ro code  0x08003364    0x60  xencoding_sb.o [3]
  .text               ro code  0x080033c4     0x2  I64DivZer.o [5]
  .text               ro code  0x080033c8    0xd4  DblAdd.o [4]
  .text               ro code  0x0800349c     0x2  xtls.o [3]
  .text               ro code  0x080034a0   0xd1c  stm32f4xx_ll_usb.o [1]
  .text               ro code  0x080041bc    0x1a  stm32f4xx_hal.o [1]
  .text               ro code  0x080041d8     0xc  stm32f4xx_hal.o [1]
  .text               ro code  0x080041e4   0xc4c  stm32f4xx_hal_pcd.o [1]
  .text               ro code  0x08004e30   0x270  main.o [1]
  .text               ro code  0x080050a0   0x64c  usbd_conf.o [1]
  .text               ro code  0x080056ec    0x24  printf.o [3]
  .text               ro code  0x08005710    0x40  stm32f4xx_hal.o [1]
  .text               ro code  0x08005750    0x34  usb_device.o [1]
  .text               ro code  0x08005784   0x4f0  stm32f4xx_hal_gpio.o [1]
  .text               ro code  0x08005c74   0x4fc  stm32f4xx_hal_rcc.o [1]
  .text               ro code  0x08006170   0x3c8  stm32f4xx_hal_rcc.o [1]
  .text               ro code  0x08006538   0x1dc  stm32f4xx_hal_cortex.o [1]
  .text               ro code  0x08006714   0x4fc  stm32f4xx_hal_uart.o [1]
  .text               ro code  0x08006c10   0x46c  usbd_core.o [1]
  .text               ro code  0x0800707c    0x90  stm32f4xx_hal_pcd_ex.o [1]
  .text               ro code  0x0800710c    0x28  stm32f4xx_hal.o [1]
  .text               ro code  0x08007134    0xb8  stm32f4xx_hal_msp.o [1]
  .text               ro code  0x080071ec   0x360  usbd_cdc.o [1]
  .text               ro code  0x0800754c   0x700  usbd_ctlreq.o [1]
  .text               ro code  0x08007c4c    0xf8  usbd_ioreq.o [1]
  .text               ro code  0x08007d44   0x130  usbd_desc.o [1]
  .text               ro code  0x08007e74    0xd6  xfspos.o [3]
  .text               ro code  0x08007f4c    0xb0  fflush.o [3]
  .text               ro code  0x08007ffc     0xa  xfgpos.o [3]
  .text               ro code  0x08008006    0x4c  lseek.o [6]
  .text               ro code  0x08008054     0xc  errno.o [3]
  .text               ro code  0x08008060     0x4  xsyslock_nop.o [3]
  .text               ro code  0x08008064    0x10  write.o [6]
  .text               ro code  0x08008074    0xcc  XShHandles.o [3]
  .text               ro code  0x08008140    0x1e  dwrite.o [6]
  .text               ro code  0x0800815e    0x20  iarwstd.o [6]
  .text               ro code  0x0800817e    0x22  iarwrite.o [6]
  .text               ro code  0x080081a0    0xb8  xfwprep.o [3]
  .text               ro code  0x08008258    0x22  fseek.o [3]
  .text               ro code  0x0800827c    0xb4  usbd_cdc_if.o [1]
  .text               ro code  0x08008330    0x80  xfofind.o [3]
  .text               ro code  0x080083b0    0x7a  fclose.o [3]
  .text               ro code  0x0800842a    0x1a  close.o [6]
  .text               ro code  0x08008444    0x16  remove.o [6]
  .text               ro code  0x0800845a    0x78  lz77_init_single.o [5]
  .rodata             const    0x080084d4    0x70  stm32f4xx_hal_cortex.o [1]
  .rodata             const    0x08008544    0x6c  stm32f4xx_hal_gpio.o [1]
  .rodata             const    0x080085b0    0x6c  stm32f4xx_hal_pcd.o [1]
  .rodata             const    0x0800861c    0x6c  stm32f4xx_hal_rcc.o [1]
  .rodata             const    0x08008688    0x6c  stm32f4xx_hal_uart.o [1]
  .text               ro code  0x080086f4    0x6c  system_stm32f4xx.o [1]
  .rodata             const    0x08008760    0x5c  usbd_cdc.o [1]
  .text               ro code  0x080087bc    0x58  xcloseall.o [3]
  .text               ro code  0x08008814    0x56  fputc.o [3]
  .rodata             const    0x0800886c    0x54  usbd_cdc.o [1]
  .rodata             const    0x080088c0    0x54  usbd_ctlreq.o [1]
  .rodata             const    0x08008914    0x50  usbd_cdc.o [1]
  .rodata             const    0x08008964    0x48  usbd_ctlreq.o [1]
  .rodata             const    0x080089ac    0x48  usbd_ioreq.o [1]
  .rodata             const    0x080089f4    0x44  usbd_cdc.o [1]
  .rodata             const    0x08008a38    0x44  usbd_cdc.o [1]
  .rodata             const    0x08008a7c    0x44  usbd_cdc.o [1]
  .rodata             const    0x08008ac0    0x44  usbd_cdc.o [1]
  .rodata             const    0x08008b04    0x44  usbd_ctlreq.o [1]
  .rodata             const    0x08008b48    0x44  usbd_ctlreq.o [1]
  .rodata             const    0x08008b8c    0x44  usbd_ioreq.o [1]
  .rodata             const    0x08008bd0    0x40  usbd_cdc.o [1]
  .rodata             const    0x08008c10    0x40  usbd_ctlreq.o [1]
  .rodata             const    0x08008c50    0x40  usbd_ctlreq.o [1]
  .rodata             const    0x08008c90    0x40  usbd_ctlreq.o [1]
  .rodata             const    0x08008cd0    0x40  usbd_ctlreq.o [1]
  .rodata             const    0x08008d10    0x40  usbd_ctlreq.o [1]
  .rodata             const    0x08008d50    0x40  usbd_ctlreq.o [1]
  .rodata             const    0x08008d90    0x40  usbd_ctlreq.o [1]
  .rodata             const    0x08008dd0    0x40  usbd_ctlreq.o [1]
  .rodata             const    0x08008e10    0x40  usbd_ctlreq.o [1]
  .rodata             const    0x08008e50    0x40  usbd_ioreq.o [1]
  .rodata             const    0x08008e90    0x40  usbd_ioreq.o [1]
  .text               ro code  0x08008ed0    0x40  zero_init3.o [5]
  .rodata             const    0x08008f10    0x3c  usbd_cdc.o [1]
  .rodata             const    0x08008f4c    0x3c  usbd_cdc.o [1]
  .rodata             const    0x08008f88    0x3c  usbd_cdc.o [1]
  .rodata             const    0x08008fc4    0x3c  usbd_cdc.o [1]
  .rodata             const    0x08009000    0x3c  usbd_desc.o [1]
  .rodata             const    0x0800903c    0x38  stm32f4xx_hal_pcd.o [1]
  .rodata             const    0x08009074    0x38  stm32f4xx_hal_pcd.o [1]
  .rodata             const    0x080090ac    0x38  stm32f4xx_hal_pcd.o [1]
  .rodata             const    0x080090e4    0x38  stm32f4xx_hal_pcd.o [1]
  .rodata             const    0x0800911c    0x38  stm32f4xx_hal_pcd.o [1]
  .rodata             const    0x08009154    0x38  stm32f4xx_hal_pcd_ex.o [1]
  .rodata             const    0x0800918c    0x38  stm32f4xx_hal_pcd_ex.o [1]
  .rodata             const    0x080091c4    0x38  usbd_cdc.o [1]
  .rodata             const    0x080091fc    0x38  usbd_conf.o [1]
  .rodata             const    0x08009234    0x38  usbd_conf.o [1]
  .rodata             const    0x0800926c    0x38  usbd_conf.o [1]
  .rodata             const    0x080092a4    0x38  usbd_ctlreq.o [1]
  .rodata             const    0x080092dc    0x38  usbd_desc.o [1]
  .rodata             const    0x08009314    0x38  usbd_desc.o [1]
  .rodata             const    0x0800934c    0x38  usbd_ioreq.o [1]
  .rodata             const    0x08009384    0x34  stm32f4xx_hal_pcd.o [1]
  .rodata             const    0x080093b8    0x34  stm32f4xx_hal_pcd.o [1]
  .rodata             const    0x080093ec    0x34  stm32f4xx_hal_pcd.o [1]
  .rodata             const    0x08009420    0x34  stm32f4xx_hal_pcd.o [1]
  .rodata             const    0x08009454    0x34  stm32f4xx_hal_pcd.o [1]
  .rodata             const    0x08009488    0x34  usbd_cdc.o [1]
  .rodata             const    0x080094bc    0x34  usbd_conf.o [1]
  .rodata             const    0x080094f0    0x34  usbd_conf.o [1]
  .rodata             const    0x08009524    0x34  usbd_conf.o [1]
  .rodata             const    0x08009558    0x34  usbd_conf.o [1]
  .rodata             const    0x0800958c    0x34  usbd_core.o [1]
  .rodata             const    0x080095c0    0x34  usbd_desc.o [1]
  .rodata             const    0x080095f4    0x34  usbd_desc.o [1]
  .rodata             const    0x08009628    0x34  usbd_desc.o [1]
  .rodata             const    0x0800965c    0x34  usbd_desc.o [1]
  .rodata             const    0x08009690    0x34  usbd_ioreq.o [1]
  .rodata             const    0x080096c4    0x30  stm32f4xx_hal_pcd.o [1]
  .rodata             const    0x080096f4    0x30  usbd_conf.o [1]
  .rodata             const    0x08009724    0x30  usbd_conf.o [1]
  .rodata             const    0x08009754    0x30  usbd_conf.o [1]
  .rodata             const    0x08009784    0x30  usbd_conf.o [1]
  .rodata             const    0x080097b4    0x30  usbd_conf.o [1]
  .rodata             const    0x080097e4    0x30  usbd_conf.o [1]
  .rodata             const    0x08009814    0x30  usbd_core.o [1]
  .rodata             const    0x08009844    0x30  usbd_core.o [1]
  .rodata             const    0x08009874    0x30  usbd_core.o [1]
  .rodata             const    0x080098a4    0x30  usbd_core.o [1]
  .rodata             const    0x080098d4    0x2c  usbd_cdc_if.o [1]
  .rodata             const    0x08009900    0x2c  usbd_cdc_if.o [1]
  .rodata             const    0x0800992c    0x2c  usbd_cdc_if.o [1]
  .rodata             const    0x08009958    0x2c  usbd_conf.o [1]
  .rodata             const    0x08009984    0x2c  usbd_conf.o [1]
  .rodata             const    0x080099b0    0x2c  usbd_conf.o [1]
  .rodata             const    0x080099dc    0x2c  usbd_core.o [1]
  .rodata             const    0x08009a08    0x2c  usbd_core.o [1]
  .rodata             const    0x08009a34    0x2c  usbd_core.o [1]
  .rodata             const    0x08009a60    0x2c  usbd_core.o [1]
  .rodata             const    0x08009a8c    0x2c  usbd_core.o [1]
  .rodata             const    0x08009ab8    0x2c  usbd_core.o [1]
  .text               ro code  0x08009ae4    0x2c  stm32f4xx_it.o [1]
  .text               ro code  0x08009b10    0x10  stm32f4xx_hal.o [1]
  .rodata             const    0x08009b20    0x28  usbd_cdc_if.o [1]
  .rodata             const    0x08009b48    0x28  usbd_conf.o [1]
  .rodata             const    0x08009b70    0x28  usbd_conf.o [1]
  .rodata             const    0x08009b98    0x28  usbd_conf.o [1]
  .rodata             const    0x08009bc0    0x28  usbd_conf.o [1]
  .rodata             const    0x08009be8    0x28  usbd_conf.o [1]
  .rodata             const    0x08009c10    0x28  usbd_core.o [1]
  .rodata             const    0x08009c38    0x28  usbd_core.o [1]
  .rodata             const    0x08009c60    0x28  usbd_core.o [1]
  .text               ro code  0x08009c88    0x28  data_init.o [5]
  .rodata             const    0x08009cb0    0x24  usbd_conf.o [1]
  .rodata             const    0x08009cd4    0x24  usbd_core.o [1]
  .rodata             const    0x08009cf8    0x24  usbd_core.o [1]
  .rodata             const    0x08009d1c    0x24  usbd_core.o [1]
  .text               ro code  0x08009d40    0x22  fpinit_M.o [4]
  .iar.init_table     const    0x08009d64    0x20  - Linker created -
  .rodata             const    0x08009d84    0x1c  usbd_core.o [1]
  .text               ro code  0x08009da0    0x1a  cmain.o [5]
  .text               ro code  0x08009dba     0x4  low_level_init.o [3]
  .text               ro code  0x08009dbe     0x4  exit.o [3]
  .text               ro code  0x08009dc4     0xe  cexit.o [5]
  .rodata             const    0x08009dd4    0x18  usbd_core.o [1]
  .rodata             const    0x08009dec    0x18  usbd_core.o [1]
  .rodata             const    0x08009e04    0x18  usbd_desc.o [1]
  .text               ro code  0x08009e1c    0x16  xprout.o [3]
  .text               ro code  0x08009e34     0xc  putchar.o [3]
  .rodata             const    0x08009e40    0x14  usbd_desc.o [1]
  .rodata             const    0x08009e54    0x10  stm32f4xx_hal_rcc.o [1]
  .rodata             const    0x08009e64    0x10  usbd_desc.o [1]
  .rodata             const    0x08009e74    0x10  usbd_desc.o [1]
  .text               ro code  0x08009e84    0x10  startup_stm32f407xx.o [1]
  .rodata             const    0x08009e94     0xc  usbd_desc.o [1]
  .text               ro code  0x08009ea0     0xc  cstartup_M.o [5]
  .rodata             const    0x08009eac     0x8  usbd_core.o [1]
  .text               ro code  0x08009eb4     0x4  startup_stm32f407xx.o [1]
  .text               ro code  0x08009eb8     0x4  startup_stm32f407xx.o [1]
  .text               ro code  0x08009ebc     0x4  startup_stm32f407xx.o [1]
  .text               ro code  0x08009ec0     0x4  startup_stm32f407xx.o [1]
  .text               ro code  0x08009ec4     0x4  startup_stm32f407xx.o [1]
  .text               ro code  0x08009ec8     0x4  startup_stm32f407xx.o [1]
  .text               ro code  0x08009ecc     0x4  startup_stm32f407xx.o [1]
  .text               ro code  0x08009ed0     0x4  startup_stm32f407xx.o [1]
  .text               ro code  0x08009ed4     0x4  startup_stm32f407xx.o [1]
  .text               ro code  0x08009ed8     0x4  startup_stm32f407xx.o [1]
  .text               ro code  0x08009edc     0x4  startup_stm32f407xx.o [1]
  .text               ro code  0x08009ee0     0x4  startup_stm32f407xx.o [1]
  .text               ro code  0x08009ee4     0x4  startup_stm32f407xx.o [1]
  .text               ro code  0x08009ee8     0x4  startup_stm32f407xx.o [1]
  .text               ro code  0x08009eec     0x4  startup_stm32f407xx.o [1]
  .text               ro code  0x08009ef0     0x4  startup_stm32f407xx.o [1]
  .text               ro code  0x08009ef4     0x4  startup_stm32f407xx.o [1]
  .text               ro code  0x08009ef8     0x4  startup_stm32f407xx.o [1]
  .text               ro code  0x08009efc     0x4  startup_stm32f407xx.o [1]
  .text               ro code  0x08009f00     0x4  startup_stm32f407xx.o [1]
  .text               ro code  0x08009f04     0x4  startup_stm32f407xx.o [1]
  .text               ro code  0x08009f08     0x4  startup_stm32f407xx.o [1]
  .text               ro code  0x08009f0c     0x4  startup_stm32f407xx.o [1]
  .text               ro code  0x08009f10     0x4  startup_stm32f407xx.o [1]
  .text               ro code  0x08009f14     0x4  startup_stm32f407xx.o [1]
  .text               ro code  0x08009f18     0x4  startup_stm32f407xx.o [1]
  .text               ro code  0x08009f1c     0x4  startup_stm32f407xx.o [1]
  .text               ro code  0x08009f20     0x4  startup_stm32f407xx.o [1]
  .text               ro code  0x08009f24     0x4  startup_stm32f407xx.o [1]
  .text               ro code  0x08009f28     0x4  startup_stm32f407xx.o [1]
  .text               ro code  0x08009f2c     0x4  startup_stm32f407xx.o [1]
  .text               ro code  0x08009f30     0x4  startup_stm32f407xx.o [1]
  .text               ro code  0x08009f34     0x4  startup_stm32f407xx.o [1]
  .text               ro code  0x08009f38     0x4  startup_stm32f407xx.o [1]
  .text               ro code  0x08009f3c     0x4  startup_stm32f407xx.o [1]
  .text               ro code  0x08009f40     0x4  startup_stm32f407xx.o [1]
  .text               ro code  0x08009f44     0x4  startup_stm32f407xx.o [1]
  .text               ro code  0x08009f48     0x4  startup_stm32f407xx.o [1]
  .text               ro code  0x08009f4c     0x4  startup_stm32f407xx.o [1]
  .text               ro code  0x08009f50     0x4  startup_stm32f407xx.o [1]
  .text               ro code  0x08009f54     0x4  startup_stm32f407xx.o [1]
  .text               ro code  0x08009f58     0x4  startup_stm32f407xx.o [1]
  .text               ro code  0x08009f5c     0x4  startup_stm32f407xx.o [1]
  .text               ro code  0x08009f60     0x4  startup_stm32f407xx.o [1]
  .text               ro code  0x08009f64     0x4  startup_stm32f407xx.o [1]
  .text               ro code  0x08009f68     0x4  startup_stm32f407xx.o [1]
  .text               ro code  0x08009f6c     0x4  startup_stm32f407xx.o [1]
  .text               ro code  0x08009f70     0x4  startup_stm32f407xx.o [1]
  .text               ro code  0x08009f74     0x4  startup_stm32f407xx.o [1]
  .text               ro code  0x08009f78     0x4  startup_stm32f407xx.o [1]
  .text               ro code  0x08009f7c     0x4  startup_stm32f407xx.o [1]
  .text               ro code  0x08009f80     0x4  startup_stm32f407xx.o [1]
  .text               ro code  0x08009f84     0x4  startup_stm32f407xx.o [1]
  .text               ro code  0x08009f88     0x4  startup_stm32f407xx.o [1]
  .text               ro code  0x08009f8c     0x4  startup_stm32f407xx.o [1]
  .text               ro code  0x08009f90     0x4  startup_stm32f407xx.o [1]
  .text               ro code  0x08009f94     0x4  startup_stm32f407xx.o [1]
  .text               ro code  0x08009f98     0x4  startup_stm32f407xx.o [1]
  .text               ro code  0x08009f9c     0x4  startup_stm32f407xx.o [1]
  .text               ro code  0x08009fa0     0x4  startup_stm32f407xx.o [1]
  .text               ro code  0x08009fa4     0x4  startup_stm32f407xx.o [1]
  .text               ro code  0x08009fa8     0x4  startup_stm32f407xx.o [1]
  .text               ro code  0x08009fac     0x4  startup_stm32f407xx.o [1]
  .text               ro code  0x08009fb0     0x4  startup_stm32f407xx.o [1]
  .text               ro code  0x08009fb4     0x4  startup_stm32f407xx.o [1]
  .text               ro code  0x08009fb8     0x4  startup_stm32f407xx.o [1]
  .text               ro code  0x08009fbc     0x4  startup_stm32f407xx.o [1]
  .text               ro code  0x08009fc0     0x4  startup_stm32f407xx.o [1]
  .text               ro code  0x08009fc4     0x4  startup_stm32f407xx.o [1]
  .text               ro code  0x08009fc8     0x4  startup_stm32f407xx.o [1]
  .text               ro code  0x08009fcc     0x4  startup_stm32f407xx.o [1]
  .text               ro code  0x08009fd0     0x4  startup_stm32f407xx.o [1]
  .text               ro code  0x08009fd4     0x4  startup_stm32f407xx.o [1]
  .text               ro code  0x08009fd8     0x4  startup_stm32f407xx.o [1]
  .text               ro code  0x08009fdc     0x4  startup_stm32f407xx.o [1]
  .text               ro code  0x08009fe0     0x4  startup_stm32f407xx.o [1]
  .text               ro code  0x08009fe4     0x4  startup_stm32f407xx.o [1]
  .text               ro code  0x08009fe8     0x4  startup_stm32f407xx.o [1]
  .text               ro code  0x08009fec     0x4  startup_stm32f407xx.o [1]
  .text               ro code  0x08009ff0     0x4  startup_stm32f407xx.o [1]
  .text               ro code  0x08009ff4     0x0  cstart_closeall.o [5]
  .rodata             const    0x08009ff4     0x0  zero_init3.o [5]
  .rodata             const    0x08009ff4     0x0  lz77_init_single.o [5]
  Initializer bytes   const    0x08009ff4   0x12a  <for P2-1>
                             - 0x0800a11e  0x9f96

"P2", part 1 of 3:                          0x340
  P2-1                         0x20000000   0x340  <Init block>
    .data             inited   0x20000000     0x4  system_stm32f4xx.o [1]
    .data             inited   0x20000004     0xc  usbd_cdc.o [1]
    .data             inited   0x20000010    0x38  usbd_cdc.o [1]
    .data             inited   0x20000048    0x44  usbd_cdc.o [1]
    .data             inited   0x2000008c    0x44  usbd_cdc.o [1]
    .data             inited   0x200000d0    0x44  usbd_cdc.o [1]
    .data             inited   0x20000114    0x10  usbd_cdc_if.o [1]
    .data             inited   0x20000124    0x1c  usbd_desc.o [1]
    .data             inited   0x20000140    0x14  usbd_desc.o [1]
    .data             inited   0x20000154     0x4  usbd_desc.o [1]
    .data             inited   0x20000158    0x40  xfiles.o [3]
    .data             inited   0x20000198    0x40  xfiles.o [3]
    .data             inited   0x200001d8    0x40  xfiles.o [3]
    .data             inited   0x20000218    0x20  xfiles.o [3]
    .data             inited   0x20000238     0x8  XShttio.o [3]
    __DLIB_PERTHREAD  inited   0x20000240    0x88  localeconv.o [3]
    __DLIB_PERTHREAD  inited   0x200002c8    0x74  setlocale.o [3]
    __DLIB_PERTHREAD  inited   0x2000033c     0x4  errno.o [3]
                             - 0x20000340   0x340

"P2", part 2 of 3:                          0x800
  CSTACK                       0x20000340   0x400  <Block>
    CSTACK            uninit   0x20000340   0x400  <Block tail>
  HEAP                         0x20000740   0x400  <Block>
    HEAP              uninit   0x20000740   0x400  <Block tail>
                             - 0x20000b40   0x800

"P2", part 3 of 3:                         0x1174
  .bss                zero     0x20000b40   0x3f0  usbd_conf.o [1]
  .bss                zero     0x20000f30   0x224  usb_device.o [1]
  .bss                zero     0x20001154   0x200  main.o [1]
  .bss                zero     0x20001354   0x200  usbd_cdc_if.o [1]
  .bss                zero     0x20001554   0x200  usbd_cdc_if.o [1]
  .bss                zero     0x20001754   0x200  usbd_desc.o [1]
  .bss                zero     0x20001954   0x1d8  dlmalloc.o [3]
  .bss                zero     0x20001b2c    0x80  XShHandles.o [3]
  .bss                zero     0x20001bac    0x50  xfiles.o [3]
  .bss                zero     0x20001bfc    0x50  xfiles.o [3]
  .bss                zero     0x20001c4c    0x40  main.o [1]
  .bss                zero     0x20001c8c    0x18  dlmalloc.o [3]
  .bss                zero     0x20001ca4     0x4  main.o [1]
  .bss                zero     0x20001ca8     0x4  stm32f4xx_hal.o [1]
  .bss                zero     0x20001cac     0x4  xgetmemchunk.o [3]
  .bss                zero     0x20001cb0     0x1  usbd_cdc.o [1]
  .bss                zero     0x20001cb1     0x1  usbd_ctlreq.o [1]
                             - 0x20001cb2  0x1172


*******************************************************************************
*** INIT TABLE
***

          Address     Size
          -------     ----
Zero (__iar_zero_init3)
    1 destination range, total size 0x1172:
          0x20000b40  0x1172

Copy/lz77 (__iar_lz77_init_single3)
    1 source range, total size 0x12a (35% of destination):
          0x08009ff4   0x12a
    1 destination range, total size 0x340:
          0x20000000   0x340



*******************************************************************************
*** MODULE SUMMARY
***

    Module                  ro code  ro data  rw data
    ------                  -------  -------  -------
C:\Users\zheng\Desktop\stm32cubemx\stm32_cdc_key_led\EWARM\stm32_cdc_key_led\Obj: [1]
    main.o                      624               580
    startup_stm32f407xx.o       728
    stm32f4xx_hal.o             158                 4
    stm32f4xx_hal_cortex.o      476      112
    stm32f4xx_hal_gpio.o      1 264      108
    stm32f4xx_hal_msp.o         184
    stm32f4xx_hal_pcd.o       3 148      696
    stm32f4xx_hal_pcd_ex.o      144      112
    stm32f4xx_hal_rcc.o       2 244      124
    stm32f4xx_hal_uart.o      1 276      108
    stm32f4xx_it.o               44
    stm32f4xx_ll_usb.o        3 356
    system_stm32f4xx.o          108        1        4
    usb_device.o                 52               548
    usbd_cdc.o                  864    1 037      273
    usbd_cdc_if.o               180      178    1 040
    usbd_conf.o               1 612    1 032    1 008
    usbd_core.o               1 132      820
    usbd_ctlreq.o             1 792      924        1
    usbd_desc.o                 304      487      564
    usbd_ioreq.o                248      376
    -------------------------------------------------
    Total:                   19 938    6 115    4 022

command line: [2]
    -------------------------------------------------
    Total:

dl7M_tlf.a: [3]
    XShHandles.o                204               128
    XShttio.o                     8        3        8
    abort.o                       6
    div.o                        14
    dlmalloc.o                5 364               496
    errno.o                      12        2        4
    exit.o                        4
    fclose.o                    122
    fflush.o                    176
    fputc.o                      86
    fseek.o                      34
    localeconv.o                108       49      136
    low_level_init.o              4
    printf.o                     36
    putchar.o                    12
    setlocale.o                  20       41      116
    xcloseall.o                  88
    xencoding_sb.o               96
    xfgpos.o                     10
    xfiles.o                              80      384
    xfofind.o                   128
    xfspos.o                    214
    xfwprep.o                   184
    xgetmemchunk.o               44                 4
    xmbcurmax.o                  10
    xmbtowc.o                    32
    xprintffull.o             4 490
    xprout.o                     22
    xsyslock_nop.o                4
    xtls.o                        2
    xwctomb.o                    26
    -------------------------------------------------
    Total:                   11 560      175    1 276

m7M_tls.a: [4]
    DblAdd.o                    212
    DblCmpGe.o                   46
    DblCmpLe.o                   46
    DblDiv.o                    598
    DblMul.o                    418
    DblSub.o                    384
    DblToI32.o                   88
    I32ToDbl.o                   48
    fpinit_M.o                   34
    xdnorm.o                     68
    xdscale.o                   276
    -------------------------------------------------
    Total:                    2 218

rt7M_tl.a: [5]
    ABImemcpy_unaligned.o       118
    I64DivMod.o                 238
    I64DivZer.o                   2
    cexit.o                      14
    cmain.o                      26
    cstart_closeall.o
    cstartup_M.o                 12
    data_init.o                  40
    lz77_init_single.o          120
    memchr.o                     88
    strchr.o                     22
    strlen.o                     54
    zero_init3.o                 64
    -------------------------------------------------
    Total:                      798

shb_l.a: [6]
    close.o                      26
    dwrite.o                     30
    exit.o                       20
    iarttio.o                   108
    iarwrite.o                   34
    iarwstd.o                    32
    lseek.o                      76
    remove.o                     22
    write.o                      16
    -------------------------------------------------
    Total:                      364

    Gaps                         38        8
    Linker created                        32    2 048
-----------------------------------------------------
    Grand Total:             34 916    6 330    7 346


*******************************************************************************
*** ENTRY LIST
***

Entry                      Address   Size  Type      Object
-----                      -------   ----  ----      ------
.iar.init_table$$Base   0x08009d64          --   Gb  - Linker created -
.iar.init_table$$Limit  0x08009d84          --   Gb  - Linker created -
?main                   0x08009da1         Code  Gb  cmain.o [5]
APBAHBPrescTable        0x08009e54   0x10  Data  Gb  stm32f4xx_hal_rcc.o [1]
BusFault_Handler        0x08009aeb    0x2  Code  Gb  stm32f4xx_it.o [1]
CDC_Control_FS          0x080082a7   0x4e  Code  Lc  usbd_cdc_if.o [1]
CDC_DeInit_FS           0x0800829b    0xc  Code  Lc  usbd_cdc_if.o [1]
CDC_Init_FS             0x0800827d   0x1e  Code  Lc  usbd_cdc_if.o [1]
CDC_Receive_FS          0x080082f5   0x1e  Code  Lc  usbd_cdc_if.o [1]
CSTACK$$Base            0x20000340          --   Gb  - Linker created -
CSTACK$$Limit           0x20000740          --   Gb  - Linker created -
DebugMon_Handler        0x08009af1    0x2  Code  Gb  stm32f4xx_it.o [1]
Error_Handler           0x0800509d    0x2  Code  Gb  main.o [1]
FS_Desc                 0x20000124   0x1c  Data  Gb  usbd_desc.o [1]
HAL_Delay               0x080041bd   0x1a  Code  Wk  stm32f4xx_hal.o [1]
HAL_GPIO_Init           0x08005785  0x434  Code  Gb  stm32f4xx_hal_gpio.o [1]
HAL_GPIO_TogglePin      0x08005bfb   0x20  Code  Gb  stm32f4xx_hal_gpio.o [1]
HAL_GPIO_WritePin       0x08005bb9   0x42  Code  Gb  stm32f4xx_hal_gpio.o [1]
HAL_GetTick             0x080041d9    0xc  Code  Wk  stm32f4xx_hal.o [1]
HAL_IncTick             0x08009b11   0x10  Code  Wk  stm32f4xx_hal.o [1]
HAL_Init                0x08005711   0x3a  Code  Gb  stm32f4xx_hal.o [1]
HAL_InitTick            0x0800710d   0x28  Code  Wk  stm32f4xx_hal.o [1]
HAL_MspInit             0x08007135   0x5e  Code  Gb  stm32f4xx_hal_msp.o [1]
HAL_NVIC_EnableIRQ      0x08006689   0x1e  Code  Gb  stm32f4xx_hal_cortex.o [1]
HAL_NVIC_SetPriority    0x08006647   0x42  Code  Gb  stm32f4xx_hal_cortex.o [1]
HAL_NVIC_SetPriorityGrouping
                        0x0800661d   0x2a  Code  Gb  stm32f4xx_hal_cortex.o [1]
HAL_PCDEx_SetRxFiFo     0x080070ed   0x16  Code  Gb  stm32f4xx_hal_pcd_ex.o [1]
HAL_PCDEx_SetTxFiFo     0x0800707d   0x70  Code  Gb  stm32f4xx_hal_pcd_ex.o [1]
HAL_PCD_ConnectCallback
                        0x08005271   0x16  Code  Gb  usbd_conf.o [1]
HAL_PCD_DataInStageCallback
                        0x08005165   0x28  Code  Gb  usbd_conf.o [1]
HAL_PCD_DataOutStageCallback
                        0x0800513b   0x2a  Code  Gb  usbd_conf.o [1]
HAL_PCD_DisconnectCallback
                        0x08005287   0x16  Code  Gb  usbd_conf.o [1]
HAL_PCD_EP_Close        0x08004a81   0x6c  Code  Gb  stm32f4xx_hal_pcd.o [1]
HAL_PCD_EP_ClrStall     0x08004ca1   0x6a  Code  Gb  stm32f4xx_hal_pcd.o [1]
HAL_PCD_EP_GetRxCount   0x08004b79   0x20  Code  Gb  stm32f4xx_hal_pcd.o [1]
HAL_PCD_EP_Open         0x080049dd   0xa4  Code  Gb  stm32f4xx_hal_pcd.o [1]
HAL_PCD_EP_Receive      0x08004aed   0x8c  Code  Gb  stm32f4xx_hal_pcd.o [1]
HAL_PCD_EP_SetStall     0x08004c1f   0x82  Code  Gb  stm32f4xx_hal_pcd.o [1]
HAL_PCD_EP_Transmit     0x08004b99   0x86  Code  Gb  stm32f4xx_hal_pcd.o [1]
HAL_PCD_IRQHandler      0x0800436f  0x63a  Code  Gb  stm32f4xx_hal_pcd.o [1]
HAL_PCD_ISOINIncompleteCallback
                        0x08005255   0x1c  Code  Gb  usbd_conf.o [1]
HAL_PCD_ISOOUTIncompleteCallback
                        0x08005239   0x1c  Code  Gb  usbd_conf.o [1]
HAL_PCD_Init            0x080041e5  0x156  Code  Gb  stm32f4xx_hal_pcd.o [1]
HAL_PCD_MspInit         0x080050a1   0x7c  Code  Gb  usbd_conf.o [1]
HAL_PCD_ResetCallback   0x080051a3   0x40  Code  Gb  usbd_conf.o [1]
HAL_PCD_ResumeCallback  0x08005223   0x16  Code  Gb  usbd_conf.o [1]
HAL_PCD_SOFCallback     0x0800518d   0x16  Code  Gb  usbd_conf.o [1]
HAL_PCD_SetAddress      0x080049a9   0x34  Code  Gb  stm32f4xx_hal_pcd.o [1]
HAL_PCD_SetupStageCallback
                        0x0800511d   0x1e  Code  Gb  usbd_conf.o [1]
HAL_PCD_Start           0x0800433b   0x34  Code  Gb  stm32f4xx_hal_pcd.o [1]
HAL_PCD_SuspendCallback
                        0x080051e3   0x40  Code  Gb  usbd_conf.o [1]
HAL_RCC_ClockConfig     0x08006171  0x2b0  Code  Gb  stm32f4xx_hal_rcc.o [1]
HAL_RCC_GetHCLKFreq     0x08006421    0x6  Code  Gb  stm32f4xx_hal_rcc.o [1]
HAL_RCC_GetPCLK1Freq    0x08006427   0x20  Code  Gb  stm32f4xx_hal_rcc.o [1]
HAL_RCC_GetPCLK2Freq    0x08006447   0x20  Code  Gb  stm32f4xx_hal_rcc.o [1]
HAL_RCC_GetSysClockFreq
                        0x08006481   0xb8  Code  Wk  stm32f4xx_hal_rcc.o [1]
HAL_RCC_OscConfig       0x08005c75  0x4fc  Code  Wk  stm32f4xx_hal_rcc.o [1]
HAL_SYSTICK_CLKSourceConfig
                        0x080066b3   0x36  Code  Gb  stm32f4xx_hal_cortex.o [1]
HAL_SYSTICK_Callback    0x0800506b    0xc  Code  Gb  main.o [1]
HAL_SYSTICK_Config      0x080066a7    0xc  Code  Gb  stm32f4xx_hal_cortex.o [1]
HAL_SYSTICK_IRQHandler  0x0800670d    0x8  Code  Gb  stm32f4xx_hal_cortex.o [1]
HAL_UART_Init           0x08006715  0x152  Code  Gb  stm32f4xx_hal_uart.o [1]
HAL_UART_MspInit        0x08007193   0x4c  Code  Gb  stm32f4xx_hal_msp.o [1]
HEAP$$Base              0x20000740          --   Gb  - Linker created -
HEAP$$Limit             0x20000b40          --   Gb  - Linker created -
HardFault_Handler       0x08009ae7    0x2  Code  Gb  stm32f4xx_it.o [1]
LoadInt                 0x08001d9f   0x6e  Code  Lc  xprintffull.o [3]
MX_GPIO_Init            0x08004fb9   0xb2  Code  Lc  main.o [1]
MX_USART1_UART_Init     0x08004f75   0x44  Code  Lc  main.o [1]
MX_USB_DEVICE_Init      0x08005751   0x34  Code  Gb  usb_device.o [1]
MemManage_Handler       0x08009ae9    0x2  Code  Gb  stm32f4xx_it.o [1]
NMI_Handler             0x08009ae5    0x2  Code  Gb  stm32f4xx_it.o [1]
NVIC_EnableIRQ          0x08006569   0x16  Code  Lc  stm32f4xx_hal_cortex.o [1]
NVIC_EncodePriority     0x080065a9   0x3e  Code  Lc  stm32f4xx_hal_cortex.o [1]
NVIC_GetPriorityGrouping
                        0x0800655d    0xc  Code  Lc  stm32f4xx_hal_cortex.o [1]
NVIC_SetPriority        0x0800657f   0x2a  Code  Lc  stm32f4xx_hal_cortex.o [1]
NVIC_SetPriorityGrouping
                        0x08006539   0x24  Code  Lc  stm32f4xx_hal_cortex.o [1]
OTG_FS_IRQHandler       0x08009b01    0xa  Code  Gb  stm32f4xx_it.o [1]
PCD_WriteEmptyTxFifo    0x08004d0b   0xc2  Code  Lc  stm32f4xx_hal_pcd.o [1]
PendSV_Handler          0x08009af3    0x2  Code  Gb  stm32f4xx_it.o [1]
Region$$Table$$Base     0x08009d64          --   Gb  - Linker created -
Region$$Table$$Limit    0x08009d84          --   Gb  - Linker created -
SVC_Handler             0x08009aef    0x2  Code  Gb  stm32f4xx_it.o [1]
SysTick_Config          0x080065e7   0x36  Code  Lc  stm32f4xx_hal_cortex.o [1]
SysTick_Handler         0x08009af5    0xc  Code  Gb  stm32f4xx_it.o [1]
SystemClock_Config      0x08004eb9   0xbc  Code  Gb  main.o [1]
SystemCoreClock         0x20000000    0x4  Data  Gb  system_stm32f4xx.o [1]
SystemInit              0x080086f5   0x4c  Code  Gb  system_stm32f4xx.o [1]
UART_SetConfig          0x08006885  0x376  Code  Lc  stm32f4xx_hal_uart.o [1]
USBD_CDC                0x20000010   0x38  Data  Gb  usbd_cdc.o [1]
USBD_CDC_CfgFSDesc      0x2000008c   0x44  Data  Gb  usbd_cdc.o [1]
USBD_CDC_CfgHSDesc      0x20000048   0x44  Data  Gb  usbd_cdc.o [1]
USBD_CDC_DataIn         0x08007377   0x26  Code  Lc  usbd_cdc.o [1]
USBD_CDC_DataOut        0x0800739d   0x42  Code  Lc  usbd_cdc.o [1]
USBD_CDC_DeInit         0x080072a3   0x4a  Code  Lc  usbd_cdc.o [1]
USBD_CDC_DeviceQualifierDesc
                        0x20000004    0xc  Data  Lc  usbd_cdc.o [1]
USBD_CDC_EP0_RxReady    0x080073df   0x3c  Code  Lc  usbd_cdc.o [1]
USBD_CDC_GetDeviceQualifierDescriptor
                        0x08007451   0x12  Code  Gb  usbd_cdc.o [1]
USBD_CDC_GetFSCfgDesc   0x0800741b   0x12  Code  Lc  usbd_cdc.o [1]
USBD_CDC_GetHSCfgDesc   0x0800742d   0x12  Code  Lc  usbd_cdc.o [1]
USBD_CDC_GetOtherSpeedCfgDesc
                        0x0800743f   0x12  Code  Lc  usbd_cdc.o [1]
USBD_CDC_Init           0x080071ed   0xb6  Code  Lc  usbd_cdc.o [1]
USBD_CDC_OtherSpeedCfgDesc
                        0x200000d0   0x44  Data  Gb  usbd_cdc.o [1]
USBD_CDC_ReceivePacket  0x080074bb   0x44  Code  Gb  usbd_cdc.o [1]
USBD_CDC_RegisterInterface
                        0x08007463   0x20  Code  Gb  usbd_cdc.o [1]
USBD_CDC_SetRxBuffer    0x080074a3   0x18  Code  Gb  usbd_cdc.o [1]
USBD_CDC_SetTxBuffer    0x08007483   0x20  Code  Gb  usbd_cdc.o [1]
USBD_CDC_Setup          0x080072ed   0x8a  Code  Lc  usbd_cdc.o [1]
USBD_CDC_Setup::ifalt   0x20001cb0    0x1  Data  Lc  usbd_cdc.o [1]
USBD_ClrClassConfig     0x08006d05   0x1e  Code  Gb  usbd_core.o [1]
USBD_ClrFeature         0x08007b13   0x40  Code  Lc  usbd_ctlreq.o [1]
USBD_CtlContinueRx      0x08007ccd   0x20  Code  Gb  usbd_ioreq.o [1]
USBD_CtlContinueSendData
                        0x08007c7b   0x20  Code  Gb  usbd_ioreq.o [1]
USBD_CtlError           0x08007b87   0x1e  Code  Gb  usbd_ctlreq.o [1]
USBD_CtlPrepareRx       0x08007c9b   0x32  Code  Gb  usbd_ioreq.o [1]
USBD_CtlReceiveStatus   0x08007d0d   0x20  Code  Gb  usbd_ioreq.o [1]
USBD_CtlSendData        0x08007c4d   0x2e  Code  Gb  usbd_ioreq.o [1]
USBD_CtlSendStatus      0x08007ced   0x20  Code  Gb  usbd_ioreq.o [1]
USBD_FS_ConfigStrDescriptor
                        0x08007ddf   0x2c  Code  Gb  usbd_desc.o [1]
USBD_FS_DeviceDesc      0x20000140   0x14  Data  Gb  usbd_desc.o [1]
USBD_FS_DeviceDescriptor
                        0x08007d45   0x14  Code  Gb  usbd_desc.o [1]
USBD_FS_InterfaceStrDescriptor
                        0x08007e0b   0x2c  Code  Gb  usbd_desc.o [1]
USBD_FS_LangIDStrDescriptor
                        0x08007d59   0x14  Code  Gb  usbd_desc.o [1]
USBD_FS_ManufacturerStrDescriptor
                        0x08007d99   0x1a  Code  Gb  usbd_desc.o [1]
USBD_FS_ProductStrDescriptor
                        0x08007d6d   0x2c  Code  Gb  usbd_desc.o [1]
USBD_FS_SerialStrDescriptor
                        0x08007db3   0x2c  Code  Gb  usbd_desc.o [1]
USBD_GetConfig          0x08007a53   0x52  Code  Lc  usbd_ctlreq.o [1]
USBD_GetDescriptor      0x080077a1  0x16c  Code  Lc  usbd_ctlreq.o [1]
USBD_GetLen             0x08007bf1   0x1e  Code  Lc  usbd_ctlreq.o [1]
USBD_GetStatus          0x08007aa5   0x42  Code  Lc  usbd_ctlreq.o [1]
USBD_GetString          0x08007ba5   0x4c  Code  Gb  usbd_ctlreq.o [1]
USBD_Init               0x08006c11   0x5e  Code  Gb  usbd_core.o [1]
USBD_Interface_fops_FS  0x20000114   0x10  Data  Gb  usbd_cdc_if.o [1]
USBD_LL_ClearStallEP    0x080054b1   0x52  Code  Gb  usbd_conf.o [1]
USBD_LL_CloseEP         0x0800540d   0x52  Code  Gb  usbd_conf.o [1]
USBD_LL_DataInStage     0x08006e35   0xe8  Code  Gb  usbd_core.o [1]
USBD_LL_DataOutStage    0x08006d9b   0x96  Code  Gb  usbd_core.o [1]
USBD_LL_DevConnected    0x08006ff7    0xe  Code  Gb  usbd_core.o [1]
USBD_LL_DevDisconnected
                        0x08007005   0x22  Code  Gb  usbd_core.o [1]
USBD_LL_GetRxDataSize   0x08005667   0x1a  Code  Gb  usbd_conf.o [1]
USBD_LL_Init            0x0800529d   0xb2  Code  Gb  usbd_conf.o [1]
USBD_LL_IsStallEP       0x08005503   0x3a  Code  Gb  usbd_conf.o [1]
USBD_LL_IsoINIncomplete
                        0x08006fd7   0x10  Code  Gb  usbd_core.o [1]
USBD_LL_IsoOUTIncomplete
                        0x08006fe7   0x10  Code  Gb  usbd_core.o [1]
USBD_LL_OpenEP          0x0800539d   0x70  Code  Gb  usbd_conf.o [1]
USBD_LL_PrepareReceive  0x080055fb   0x6c  Code  Gb  usbd_conf.o [1]
USBD_LL_Reset           0x08006f1d   0x4c  Code  Gb  usbd_core.o [1]
USBD_LL_Resume          0x08006f97   0x16  Code  Gb  usbd_core.o [1]
USBD_LL_SOF             0x08006fad   0x2a  Code  Gb  usbd_core.o [1]
USBD_LL_SetSpeed        0x08006f69   0x12  Code  Gb  usbd_core.o [1]
USBD_LL_SetUSBAddress   0x0800553d   0x52  Code  Gb  usbd_conf.o [1]
USBD_LL_SetupStage      0x08006d23   0x78  Code  Gb  usbd_core.o [1]
USBD_LL_StallEP         0x0800545f   0x52  Code  Gb  usbd_conf.o [1]
USBD_LL_Start           0x0800534f   0x4e  Code  Gb  usbd_conf.o [1]
USBD_LL_Suspend         0x08006f7b   0x1c  Code  Gb  usbd_core.o [1]
USBD_LL_Transmit        0x0800558f   0x6c  Code  Gb  usbd_conf.o [1]
USBD_LangIDDesc         0x20000154    0x4  Data  Gb  usbd_desc.o [1]
USBD_ParseSetupRequest  0x08007b53   0x34  Code  Gb  usbd_ctlreq.o [1]
USBD_RegisterClass      0x08006c6f   0x3e  Code  Gb  usbd_core.o [1]
USBD_RunTestMode        0x08006cc3   0x10  Code  Gb  usbd_core.o [1]
USBD_SetAddress         0x0800790d   0x66  Code  Lc  usbd_ctlreq.o [1]
USBD_SetClassConfig     0x08006cd3   0x32  Code  Gb  usbd_core.o [1]
USBD_SetConfig          0x08007973   0xe0  Code  Lc  usbd_ctlreq.o [1]
USBD_SetConfig::cfgidx  0x20001cb1    0x1  Data  Lc  usbd_ctlreq.o [1]
USBD_SetFeature         0x08007ae7   0x2c  Code  Lc  usbd_ctlreq.o [1]
USBD_Start              0x08006cad   0x16  Code  Gb  usbd_core.o [1]
USBD_StdDevReq          0x0800754d   0x84  Code  Gb  usbd_ctlreq.o [1]
USBD_StdEPReq           0x08007625  0x17c  Code  Gb  usbd_ctlreq.o [1]
USBD_StdItfReq          0x080075d1   0x54  Code  Gb  usbd_ctlreq.o [1]
USBD_StrDesc            0x20001754  0x200  Data  Gb  usbd_desc.o [1]
USB_ActivateEndpoint    0x080037b1   0xc0  Code  Gb  stm32f4xx_ll_usb.o [1]
USB_ActivateSetup       0x080040d7   0x44  Code  Gb  stm32f4xx_ll_usb.o [1]
USB_CoreInit            0x080034a1   0x66  Code  Gb  stm32f4xx_ll_usb.o [1]
USB_CoreReset           0x08004173   0x38  Code  Lc  stm32f4xx_ll_usb.o [1]
USB_DeactivateEndpoint  0x08003871   0xa2  Code  Gb  stm32f4xx_ll_usb.o [1]
USB_DevConnect          0x0800400b   0x1e  Code  Gb  stm32f4xx_ll_usb.o [1]
USB_DevDisconnect       0x08004029   0x1e  Code  Gb  stm32f4xx_ll_usb.o [1]
USB_DevInit             0x08003559  0x1b0  Code  Gb  stm32f4xx_ll_usb.o [1]
USB_DisableGlobalInt    0x08003515    0xe  Code  Gb  stm32f4xx_ll_usb.o [1]
USB_EP0StartXfer        0x08003c59  0x1ea  Code  Gb  stm32f4xx_ll_usb.o [1]
USB_EP0_OutStart        0x0800411b   0x58  Code  Gb  stm32f4xx_ll_usb.o [1]
USB_EPClearStall        0x08003f49   0x96  Code  Gb  stm32f4xx_ll_usb.o [1]
USB_EPSetStall          0x08003eab   0x9e  Code  Gb  stm32f4xx_ll_usb.o [1]
USB_EPStartXfer         0x08003913  0x340  Code  Gb  stm32f4xx_ll_usb.o [1]
USB_EnableGlobalInt     0x08003507    0xe  Code  Gb  stm32f4xx_ll_usb.o [1]
USB_FlushRxFifo         0x0800372d   0x20  Code  Gb  stm32f4xx_ll_usb.o [1]
USB_FlushTxFifo         0x08003709   0x24  Code  Gb  stm32f4xx_ll_usb.o [1]
USB_GetDevSpeed         0x08003763   0x4e  Code  Gb  stm32f4xx_ll_usb.o [1]
USB_GetMode             0x080040cf    0x8  Code  Gb  stm32f4xx_ll_usb.o [1]
USB_ReadDevAllInEpInterrupt
                        0x0800406b   0x16  Code  Gb  stm32f4xx_ll_usb.o [1]
USB_ReadDevAllOutEpInterrupt
                        0x08004055   0x16  Code  Gb  stm32f4xx_ll_usb.o [1]
USB_ReadDevInEPInterrupt
                        0x0800409b   0x34  Code  Gb  stm32f4xx_ll_usb.o [1]
USB_ReadDevOutEPInterrupt
                        0x08004081   0x1a  Code  Gb  stm32f4xx_ll_usb.o [1]
USB_ReadInterrupts      0x08004047    0xe  Code  Gb  stm32f4xx_ll_usb.o [1]
USB_ReadPacket          0x08003e83   0x28  Code  Gb  stm32f4xx_ll_usb.o [1]
USB_SetCurrentMode      0x08003523   0x36  Code  Gb  stm32f4xx_ll_usb.o [1]
USB_SetDevAddress       0x08003fdf   0x2c  Code  Gb  stm32f4xx_ll_usb.o [1]
USB_SetDevSpeed         0x0800374d   0x16  Code  Gb  stm32f4xx_ll_usb.o [1]
USB_WritePacket         0x08003e43   0x40  Code  Gb  stm32f4xx_ll_usb.o [1]
UsageFault_Handler      0x08009aed    0x2  Code  Gb  stm32f4xx_it.o [1]
UserRxBufferFS          0x20001354  0x200  Data  Gb  usbd_cdc_if.o [1]
UserTxBufferFS          0x20001554  0x200  Data  Gb  usbd_cdc_if.o [1]
_Close_all              0x080087bd   0x58  Code  Gb  xcloseall.o [3]
_EncodingSb_Mbtowc      0x0800337f   0x30  Code  Gb  xencoding_sb.o [3]
_EncodingSb_Mbtowc::initial
                        0x080033bc    0x8  Data  Lc  xencoding_sb.o [3]
_EncodingSb_Wctomb      0x08003365   0x1a  Code  Gb  xencoding_sb.o [3]
_EncodingSb_Wctomb::initial
                        0x080033b4    0x8  Data  Lc  xencoding_sb.o [3]
_Files                  0x20000218   0x20  Data  Gb  xfiles.o [3]
_Fofree                 0x08008331   0x78  Code  Gb  xfofind.o [3]
_Fspos                  0x08007e75   0xd6  Code  Gb  xfspos.o [3]
_Fwprep                 0x080081a1   0xb8  Code  Gb  xfwprep.o [3]
_GenldFull              0x08002625  0x254  Code  Lc  xprintffull.o [3]
_IsdstStr               0x200002cc    0x4  Data  Gb  setlocale.o [3]
_LdtobFull              0x08002225  0x3fa  Code  Lc  xprintffull.o [3]
_LitobFull              0x08002119  0x10a  Code  Lc  xprintffull.o [3]
_LocaleEncoding         0x08003351    0xe  Code  Gb  setlocale.o [3]
_LocaleReturnString     0x200002ec   0x50  Data  Lc  setlocale.o [3]
_Locale_Profile         0x200002d0   0x1c  Data  Gb  setlocale.o [3]
_Locale_aeabi_lconv     0x20000290   0x38  Data  Gb  localeconv.o [3]
_Locale_lconv           0x20000240   0x50  Data  Gb  localeconv.o [3]
_Mbtowc                 0x080028c3   0x20  Code  Gb  xmbtowc.o [3]
_Nnl                    0x08007ffd    0xa  Code  Gb  xfgpos.o [3]
_PrintfFull             0x08001739  0x650  Code  Gb  xprintffull.o [3]
_Prout                  0x08009e1d   0x16  Code  Gb  xprout.o [3]
_PutcharsFull           0x08002879   0x2e  Code  Lc  xprintffull.o [3]
_PutstrFull             0x08001e0d  0x306  Code  Lc  xprintffull.o [3]
_TzoneStr               0x200002c8    0x4  Data  Gb  setlocale.o [3]
_Wctomb                 0x08002997   0x1a  Code  Gb  xwctomb.o [3]
__aeabi_cdcmple         0x08002b5d         Code  Gb  DblCmpLe.o [4]
__aeabi_cdrcmple        0x08002b8d         Code  Gb  DblCmpGe.o [4]
__aeabi_d2iz            0x08002cd1         Code  Gb  DblToI32.o [4]
__aeabi_d2uiz           0x08002cfd         Code  Gb  DblToI32.o [4]
__aeabi_ddiv            0x0800307d         Code  Gb  DblDiv.o [4]
__aeabi_dmul            0x08002ed9         Code  Gb  DblMul.o [4]
__aeabi_dsub            0x08002d59         Code  Gb  DblSub.o [4]
__aeabi_errno_addr      0x08008055    0x6  Code  Gb  errno.o [3]
__aeabi_i2d             0x08002d29         Code  Gb  I32ToDbl.o [4]
__aeabi_ldiv0           0x080033c5         Code  Gb  I64DivZer.o [5]
__aeabi_ui2d            0x08002d3d         Code  Gb  I32ToDbl.o [4]
__aeabi_uldivmod        0x08002a29         Code  Gb  I64DivMod.o [5]
__cexit_closeall        0x08009dc7         Code  Gb  cexit.o [5]
__close                 0x0800842b   0x1a  Code  Gb  close.o [6]
__cmain                 0x08009da1         Code  Gb  cmain.o [5]
__cstart_closeall       0x08009ff4         Data  Gb  cstart_closeall.o [5]
__data_GetMemChunk      0x08001685   0x2c  Code  Gb  xgetmemchunk.o [3]
__data_GetMemChunk::start
                        0x20001cac    0x4  Data  Lc  xgetmemchunk.o [3]
__dwrite                0x08008141   0x1e  Code  Gb  dwrite.o [6]
__exit                  0x080016b1   0x14  Code  Gb  exit.o [6]
__iar_Dnorm             0x08002b17   0x44  Code  Gb  xdnorm.o [4]
__iar_Dscale            0x08002bbd  0x114  Code  Gb  xdscale.o [4]
__iar_Errno             0x2000033c    0x4  Data  Gb  errno.o [3]
__iar_Locale_lconv_init
                        0x080032d5   0x3a  Code  Gb  localeconv.o [3]
__iar_Lockfilelock      0x08008061    0x2  Code  Gb  xsyslock_nop.o [3]
__iar_Mbcurmax          0x0800298d    0xa  Code  Gb  xmbcurmax.o [3]
__iar_Memchr            0x08002935         Code  Gb  memchr.o [5]
__iar_Stderr            0x200001d8   0x40  Data  Gb  xfiles.o [3]
__iar_Stdin             0x20000158   0x40  Data  Gb  xfiles.o [3]
__iar_Stdout            0x20000198   0x40  Data  Gb  xfiles.o [3]
__iar_Strchr            0x080028e5         Code  Gb  strchr.o [5]
__iar_Unlockfilelock    0x08008063    0x2  Code  Gb  xsyslock_nop.o [3]
__iar_close_ttio        0x080016c5   0x2e  Code  Gb  iarttio.o [6]
__iar_d2uiz             0x08002d09         Code  Gb  DblToI32.o [4]
__iar_dadd              0x080033c9         Code  Gb  DblAdd.o [4]
__iar_data_init3        0x08009c89   0x28  Code  Gb  data_init.o [5]
__iar_dlfree            0x0800115b  0x51a  Code  Gb  dlmalloc.o [3]
__iar_dlib_perthread_access
                        0x0800349d    0x2  Code  Gb  xtls.o [3]
__iar_dlmalloc          0x08000ea5  0x2aa  Code  Gb  dlmalloc.o [3]
__iar_dsub              0x08002d6d         Code  Gb  DblSub.o [4]
__iar_dsubStart         0x08002d7f         Code  Gb  DblSub.o [4]
__iar_get_ttio          0x080016f5   0x38  Code  Gb  iarttio.o [6]
__iar_init_vfp          0x08009d41         Code  Gb  fpinit_M.o [4]
__iar_lookup_ttioh      0x08001731    0x8  Code  Gb  XShttio.o [3]
__iar_lz77_init_single3
                        0x0800845b   0x78  Code  Gb  lz77_init_single.o [5]
__iar_program_start     0x08009ea1         Code  Gb  cstartup_M.o [5]
__iar_sh_Discard        0x08008075   0x3e  Code  Gb  XShHandles.o [3]
__iar_sh_Move           0x080080b9   0x46  Code  Gb  XShHandles.o [3]
__iar_sh_Pos            0x080080ff   0x3e  Code  Gb  XShHandles.o [3]
__iar_sh_stdout         0x0800815f   0x20  Code  Gb  iarwstd.o [6]
__iar_sh_write          0x0800817f   0x22  Code  Gb  iarwrite.o [6]
__iar_ttio_handles      0x20000238    0x8  Data  Lc  XShttio.o [3]
__iar_ui2d              0x08002d41         Code  Gb  I32ToDbl.o [4]
__iar_unaligned___aeabi_memcpy
                        0x080029b1         Code  Gb  ABImemcpy_unaligned.o [5]
__iar_unaligned___aeabi_memcpy4
                        0x080029d1         Code  Gb  ABImemcpy_unaligned.o [5]
__iar_unaligned___aeabi_memcpy8
                        0x080029d1         Code  Gb  ABImemcpy_unaligned.o [5]
__iar_zero_init3        0x08008ed1   0x40  Code  Gb  zero_init3.o [5]
__low_level_init        0x08009dbb    0x4  Code  Gb  low_level_init.o [3]
__lseek                 0x08008007   0x4c  Code  Gb  lseek.o [6]
__vector_table          0x08000000         Data  Gb  startup_stm32f407xx.o [1]
__write                 0x08008065   0x10  Code  Gb  write.o [6]
_call_main              0x08009dad         Code  Gb  cmain.o [5]
_exit                   0x08009dc5         Code  Gb  cexit.o [5]
_gm_                    0x20001954  0x1d8  Data  Lc  dlmalloc.o [3]
_main                   0x08009db7         Code  Gb  cmain.o [5]
abort                   0x0800167d    0x6  Code  Gb  abort.o [3]
assert_failed           0x0800509f    0x2  Code  Gb  main.o [1]
div                     0x08003341    0xe  Code  Gb  div.o [3]
ebuf                    0x20001bac   0x50  Data  Lc  xfiles.o [3]
exit                    0x08009dbf    0x4  Code  Gb  exit.o [3]
fclose                  0x080083b1   0x7a  Code  Gb  fclose.o [3]
fflush                  0x08007fc3   0x34  Code  Gb  fflush.o [3]
fflushOne               0x08007f4d   0x76  Code  Lc  fflush.o [3]
fputc                   0x08008815   0x56  Code  Gb  fputc.o [3]
fseek                   0x08008259   0x22  Code  Gb  fseek.o [3]
hUsbDeviceFS            0x20000f30  0x224  Data  Gb  usb_device.o [1]
hpcd_USB_OTG_FS         0x20000b40  0x3f0  Data  Gb  usbd_conf.o [1]
huart1                  0x20001c4c   0x40  Data  Gb  main.o [1]
init_mparams            0x080001a5   0x32  Code  Lc  dlmalloc.o [3]
init_top                0x080001d7   0x34  Code  Lc  dlmalloc.o [3]
localeconv              0x0800330f   0x16  Code  Gb  localeconv.o [3]
main                    0x08004e31   0x88  Code  Gb  main.o [1]
memchr                  0x08002935         Code  Gb  memchr.o [5]
mparams                 0x20001c8c   0x18  Data  Lc  dlmalloc.o [3]
obuf                    0x20001bfc   0x50  Data  Lc  xfiles.o [3]
prepend_alloc           0x0800020b  0x372  Code  Lc  dlmalloc.o [3]
printf                  0x080056ed   0x24  Code  Gb  printf.o [3]
putchar                 0x08009e35    0xc  Code  Gb  putchar.o [3]
remove                  0x08008445   0x16  Code  Gb  remove.o [6]
sFileInfo               0x20001b2c   0x80  Data  Lc  XShHandles.o [3]
segment_holding         0x08000189   0x1c  Code  Lc  dlmalloc.o [3]
strchr                  0x080028e5         Code  Gb  strchr.o [5]
strlen                  0x080028fd         Code  Gb  strlen.o [5]
sys_alloc               0x0800057d  0x388  Code  Lc  dlmalloc.o [3]
timecount               0x20001ca4    0x4  Data  Gb  main.o [1]
tmalloc_large           0x08000911  0x380  Code  Lc  dlmalloc.o [3]
tmalloc_small           0x08000c91  0x206  Code  Lc  dlmalloc.o [3]
usbrxbuffer             0x20001154  0x200  Data  Gb  main.o [1]
uwTick                  0x20001ca8    0x4  Data  Gb  stm32f4xx_hal.o [1]


[1] = C:\Users\zheng\Desktop\stm32cubemx\stm32_cdc_key_led\EWARM\stm32_cdc_key_led\Obj
[2] = command line
[3] = dl7M_tlf.a
[4] = m7M_tls.a
[5] = rt7M_tl.a
[6] = shb_l.a

  34 916 bytes of readonly  code memory
   6 330 bytes of readonly  data memory
   7 346 bytes of readwrite data memory

Errors: none
Warnings: none
